<?xml version="1.0" encoding="UTF-8"?>
<testsuites name="jest tests" tests="1" failures="0" errors="0" time="0.507">
  <testsuite name="converter.ts" errors="0" failures="0" skipped="0" timestamp="2021-07-09T21:55:20" time="0.471" tests="1">
    <testcase classname="converter.ts input" name="converter.ts input" time="0.003">
    </testcase>
  </testsuite>
</testsuites>